// Jest Snapshot v1, https://goo.gl/fbAQLP

exports[`Header should render correctly 1`] = `
<DocumentFragment>
  <nav
    class="body-padding"
  >
    <div>
      <h1>
        The Artifacts
      </h1>
      <p>
        <em>
          Culture & Art Blogs
        </em>
      </p>
    </div>
    <ul>
      <li>
        <a
          href="#"
        >
          Blog
        </a>
      </li>
      <li>
        <a
          href="#"
        >
          About
        </a>
      </li>
      <li>
        <a
          href="#"
        >
          Contact
        </a>
      </li>
    </ul>
  </nav>
</DocumentFragment>
`;
